Archive member included to satisfy reference by file (symbol)

/usr/lib/gcc/avr/10.2.0/../../../../avr/lib/avr5/libm.a(addsf3.o)
                              main.o (__subsf3)
/usr/lib/gcc/avr/10.2.0/../../../../avr/lib/avr5/libm.a(addsf3x.o)
                              /usr/lib/gcc/avr/10.2.0/../../../../avr/lib/avr5/libm.a(addsf3.o) (__addsf3x)
/usr/lib/gcc/avr/10.2.0/../../../../avr/lib/avr5/libm.a(cmpsf2.o)
                              main.o (__ltsf2)
/usr/lib/gcc/avr/10.2.0/../../../../avr/lib/avr5/libm.a(divsf3.o)
                              main.o (__divsf3)
/usr/lib/gcc/avr/10.2.0/../../../../avr/lib/avr5/libm.a(divsf3x.o)
                              /usr/lib/gcc/avr/10.2.0/../../../../avr/lib/avr5/libm.a(divsf3.o) (__divsf3x)
/usr/lib/gcc/avr/10.2.0/../../../../avr/lib/avr5/libm.a(fixsfsi.o)
                              main.o (__fixsfsi)
/usr/lib/gcc/avr/10.2.0/../../../../avr/lib/avr5/libm.a(fixunssfsi.o)
                              main.o (__fixunssfsi)
/usr/lib/gcc/avr/10.2.0/../../../../avr/lib/avr5/libm.a(floatsisf.o)
                              main.o (__floatunsisf)
/usr/lib/gcc/avr/10.2.0/../../../../avr/lib/avr5/libm.a(fp_cmp.o)
                              /usr/lib/gcc/avr/10.2.0/../../../../avr/lib/avr5/libm.a(cmpsf2.o) (__fp_cmp)
/usr/lib/gcc/avr/10.2.0/../../../../avr/lib/avr5/libm.a(fp_inf.o)
                              /usr/lib/gcc/avr/10.2.0/../../../../avr/lib/avr5/libm.a(addsf3x.o) (__fp_inf)
/usr/lib/gcc/avr/10.2.0/../../../../avr/lib/avr5/libm.a(fp_nan.o)
                              /usr/lib/gcc/avr/10.2.0/../../../../avr/lib/avr5/libm.a(addsf3x.o) (__fp_nan)
/usr/lib/gcc/avr/10.2.0/../../../../avr/lib/avr5/libm.a(fp_pscA.o)
                              /usr/lib/gcc/avr/10.2.0/../../../../avr/lib/avr5/libm.a(addsf3x.o) (__fp_pscA)
/usr/lib/gcc/avr/10.2.0/../../../../avr/lib/avr5/libm.a(fp_pscB.o)
                              /usr/lib/gcc/avr/10.2.0/../../../../avr/lib/avr5/libm.a(addsf3x.o) (__fp_pscB)
/usr/lib/gcc/avr/10.2.0/../../../../avr/lib/avr5/libm.a(fp_round.o)
                              /usr/lib/gcc/avr/10.2.0/../../../../avr/lib/avr5/libm.a(addsf3.o) (__fp_round)
/usr/lib/gcc/avr/10.2.0/../../../../avr/lib/avr5/libm.a(fp_split3.o)
                              /usr/lib/gcc/avr/10.2.0/../../../../avr/lib/avr5/libm.a(addsf3x.o) (__fp_split3)
/usr/lib/gcc/avr/10.2.0/../../../../avr/lib/avr5/libm.a(fp_zero.o)
                              /usr/lib/gcc/avr/10.2.0/../../../../avr/lib/avr5/libm.a(addsf3x.o) (__fp_zero)
/usr/lib/gcc/avr/10.2.0/../../../../avr/lib/avr5/libm.a(gesf2.o)
                              main.o (__gtsf2)
/usr/lib/gcc/avr/10.2.0/../../../../avr/lib/avr5/libm.a(mulsf3.o)
                              main.o (__mulsf3)
/usr/lib/gcc/avr/10.2.0/../../../../avr/lib/avr5/libm.a(mulsf3x.o)
                              /usr/lib/gcc/avr/10.2.0/../../../../avr/lib/avr5/libm.a(mulsf3.o) (__mulsf3x)
/usr/lib/gcc/avr/10.2.0/avr5/libgcc.a(_exit.o)
                              /usr/lib/gcc/avr/10.2.0/../../../../avr/lib/avr5/crtatmega328p.o (exit)
/usr/lib/gcc/avr/10.2.0/avr5/libgcc.a(_copy_data.o)
                              main.o (__do_copy_data)
/usr/lib/gcc/avr/10.2.0/avr5/libgcc.a(_clear_bss.o)
                              main.o (__do_clear_bss)

Memory Configuration

Name             Origin             Length             Attributes
text             0x0000000000000000 0x0000000000020000 xr
data             0x0000000000800060 0x000000000000ffa0 rw !x
eeprom           0x0000000000810000 0x0000000000010000 rw !x
fuse             0x0000000000820000 0x0000000000000400 rw !x
lock             0x0000000000830000 0x0000000000000400 rw !x
signature        0x0000000000840000 0x0000000000000400 rw !x
user_signatures  0x0000000000850000 0x0000000000000400 rw !x
*default*        0x0000000000000000 0xffffffffffffffff

Linker script and memory map

Address of section .data set to 0x800100
LOAD /usr/lib/gcc/avr/10.2.0/../../../../avr/lib/avr5/crtatmega328p.o
LOAD main.o
LOAD /usr/lib/gcc/avr/10.2.0/../../../../avr/lib/avr5/libm.a
START GROUP
LOAD /usr/lib/gcc/avr/10.2.0/avr5/libgcc.a
LOAD /usr/lib/gcc/avr/10.2.0/../../../../avr/lib/avr5/libm.a
LOAD /usr/lib/gcc/avr/10.2.0/../../../../avr/lib/avr5/libc.a
LOAD /usr/lib/gcc/avr/10.2.0/../../../../avr/lib/avr5/libatmega328p.a
END GROUP
                0x0000000000020000                __TEXT_REGION_LENGTH__ = DEFINED (__TEXT_REGION_LENGTH__)?__TEXT_REGION_LENGTH__:0x20000
                0x000000000000ffa0                __DATA_REGION_LENGTH__ = DEFINED (__DATA_REGION_LENGTH__)?__DATA_REGION_LENGTH__:0xffa0
                0x0000000000010000                __EEPROM_REGION_LENGTH__ = DEFINED (__EEPROM_REGION_LENGTH__)?__EEPROM_REGION_LENGTH__:0x10000
                0x0000000000000400                __FUSE_REGION_LENGTH__ = DEFINED (__FUSE_REGION_LENGTH__)?__FUSE_REGION_LENGTH__:0x400
                0x0000000000000400                __LOCK_REGION_LENGTH__ = DEFINED (__LOCK_REGION_LENGTH__)?__LOCK_REGION_LENGTH__:0x400
                0x0000000000000400                __SIGNATURE_REGION_LENGTH__ = DEFINED (__SIGNATURE_REGION_LENGTH__)?__SIGNATURE_REGION_LENGTH__:0x400
                0x0000000000000400                __USER_SIGNATURE_REGION_LENGTH__ = DEFINED (__USER_SIGNATURE_REGION_LENGTH__)?__USER_SIGNATURE_REGION_LENGTH__:0x400

.hash
 *(.hash)

.dynsym
 *(.dynsym)

.dynstr
 *(.dynstr)

.gnu.version
 *(.gnu.version)

.gnu.version_d
 *(.gnu.version_d)

.gnu.version_r
 *(.gnu.version_r)

.rel.init
 *(.rel.init)

.rela.init
 *(.rela.init)

.rel.text
 *(.rel.text)
 *(.rel.text.*)
 *(.rel.gnu.linkonce.t*)

.rela.text
 *(.rela.text)
 *(.rela.text.*)
 *(.rela.gnu.linkonce.t*)

.rel.fini
 *(.rel.fini)

.rela.fini
 *(.rela.fini)

.rel.rodata
 *(.rel.rodata)
 *(.rel.rodata.*)
 *(.rel.gnu.linkonce.r*)

.rela.rodata
 *(.rela.rodata)
 *(.rela.rodata.*)
 *(.rela.gnu.linkonce.r*)

.rel.data
 *(.rel.data)
 *(.rel.data.*)
 *(.rel.gnu.linkonce.d*)

.rela.data
 *(.rela.data)
 *(.rela.data.*)
 *(.rela.gnu.linkonce.d*)

.rel.ctors
 *(.rel.ctors)

.rela.ctors
 *(.rela.ctors)

.rel.dtors
 *(.rel.dtors)

.rela.dtors
 *(.rela.dtors)

.rel.got
 *(.rel.got)

.rela.got
 *(.rela.got)

.rel.bss
 *(.rel.bss)

.rela.bss
 *(.rela.bss)

.rel.plt
 *(.rel.plt)

.rela.plt
 *(.rela.plt)

.text           0x0000000000000000     0x13ce
 *(.vectors)
 .vectors       0x0000000000000000       0x68 /usr/lib/gcc/avr/10.2.0/../../../../avr/lib/avr5/crtatmega328p.o
                0x0000000000000000                __vectors
                0x0000000000000000                __vector_default
 *(.vectors)
 *(.progmem.gcc*)
                0x0000000000000068                . = ALIGN (0x2)
                0x0000000000000068                __trampolines_start = .
 *(.trampolines)
 .trampolines   0x0000000000000068        0x0 linker stubs
 *(.trampolines*)
                0x0000000000000068                __trampolines_end = .
 *libprintf_flt.a:*(.progmem.data)
 *libc.a:*(.progmem.data)
 *(.progmem.*)
                0x0000000000000068                . = ALIGN (0x2)
 *(.lowtext)
 *(.lowtext*)
                0x0000000000000068                __ctors_start = .
 *(.ctors)
                0x0000000000000068                __ctors_end = .
                0x0000000000000068                __dtors_start = .
 *(.dtors)
                0x0000000000000068                __dtors_end = .
 SORT_BY_NAME(*)(.ctors)
 SORT_BY_NAME(*)(.dtors)
 *(.init0)
 .init0         0x0000000000000068        0x0 /usr/lib/gcc/avr/10.2.0/../../../../avr/lib/avr5/crtatmega328p.o
                0x0000000000000068                __init
 *(.init0)
 *(.init1)
 *(.init1)
 *(.init2)
 .init2         0x0000000000000068        0xc /usr/lib/gcc/avr/10.2.0/../../../../avr/lib/avr5/crtatmega328p.o
 *(.init2)
 *(.init3)
 *(.init3)
 *(.init4)
 .init4         0x0000000000000074       0x16 /usr/lib/gcc/avr/10.2.0/avr5/libgcc.a(_copy_data.o)
                0x0000000000000074                __do_copy_data
 .init4         0x000000000000008a       0x10 /usr/lib/gcc/avr/10.2.0/avr5/libgcc.a(_clear_bss.o)
                0x000000000000008a                __do_clear_bss
 *(.init4)
 *(.init5)
 *(.init5)
 *(.init6)
 *(.init6)
 *(.init7)
 *(.init7)
 *(.init8)
 *(.init8)
 *(.init9)
 .init9         0x000000000000009a        0x8 /usr/lib/gcc/avr/10.2.0/../../../../avr/lib/avr5/crtatmega328p.o
 *(.init9)
 *(.text)
 .text          0x00000000000000a2        0x4 /usr/lib/gcc/avr/10.2.0/../../../../avr/lib/avr5/crtatmega328p.o
                0x00000000000000a2                __vector_22
                0x00000000000000a2                __vector_1
                0x00000000000000a2                __vector_24
                0x00000000000000a2                __vector_12
                0x00000000000000a2                __bad_interrupt
                0x00000000000000a2                __vector_6
                0x00000000000000a2                __vector_3
                0x00000000000000a2                __vector_23
                0x00000000000000a2                __vector_25
                0x00000000000000a2                __vector_11
                0x00000000000000a2                __vector_13
                0x00000000000000a2                __vector_17
                0x00000000000000a2                __vector_19
                0x00000000000000a2                __vector_7
                0x00000000000000a2                __vector_5
                0x00000000000000a2                __vector_4
                0x00000000000000a2                __vector_9
                0x00000000000000a2                __vector_2
                0x00000000000000a2                __vector_21
                0x00000000000000a2                __vector_15
                0x00000000000000a2                __vector_8
                0x00000000000000a2                __vector_10
                0x00000000000000a2                __vector_16
                0x00000000000000a2                __vector_18
                0x00000000000000a2                __vector_20
 .text          0x00000000000000a6      0xe94 main.o
                0x00000000000003a2                __vector_14
 .text          0x0000000000000f3a        0x0 /usr/lib/gcc/avr/10.2.0/../../../../avr/lib/avr5/libm.a(addsf3.o)
 .text          0x0000000000000f3a        0x0 /usr/lib/gcc/avr/10.2.0/../../../../avr/lib/avr5/libm.a(addsf3x.o)
 .text          0x0000000000000f3a        0x0 /usr/lib/gcc/avr/10.2.0/../../../../avr/lib/avr5/libm.a(cmpsf2.o)
 .text          0x0000000000000f3a        0x0 /usr/lib/gcc/avr/10.2.0/../../../../avr/lib/avr5/libm.a(divsf3.o)
 .text          0x0000000000000f3a        0x0 /usr/lib/gcc/avr/10.2.0/../../../../avr/lib/avr5/libm.a(divsf3x.o)
 .text          0x0000000000000f3a        0x0 /usr/lib/gcc/avr/10.2.0/../../../../avr/lib/avr5/libm.a(fixsfsi.o)
 .text          0x0000000000000f3a        0x0 /usr/lib/gcc/avr/10.2.0/../../../../avr/lib/avr5/libm.a(fixunssfsi.o)
 .text          0x0000000000000f3a        0x0 /usr/lib/gcc/avr/10.2.0/../../../../avr/lib/avr5/libm.a(floatsisf.o)
 .text          0x0000000000000f3a        0x0 /usr/lib/gcc/avr/10.2.0/../../../../avr/lib/avr5/libm.a(fp_cmp.o)
 .text          0x0000000000000f3a        0x0 /usr/lib/gcc/avr/10.2.0/../../../../avr/lib/avr5/libm.a(fp_inf.o)
 .text          0x0000000000000f3a        0x0 /usr/lib/gcc/avr/10.2.0/../../../../avr/lib/avr5/libm.a(fp_nan.o)
 .text          0x0000000000000f3a        0x0 /usr/lib/gcc/avr/10.2.0/../../../../avr/lib/avr5/libm.a(fp_pscA.o)
 .text          0x0000000000000f3a        0x0 /usr/lib/gcc/avr/10.2.0/../../../../avr/lib/avr5/libm.a(fp_pscB.o)
 .text          0x0000000000000f3a        0x0 /usr/lib/gcc/avr/10.2.0/../../../../avr/lib/avr5/libm.a(fp_round.o)
 .text          0x0000000000000f3a        0x0 /usr/lib/gcc/avr/10.2.0/../../../../avr/lib/avr5/libm.a(fp_split3.o)
 .text          0x0000000000000f3a        0x0 /usr/lib/gcc/avr/10.2.0/../../../../avr/lib/avr5/libm.a(fp_zero.o)
 .text          0x0000000000000f3a        0x0 /usr/lib/gcc/avr/10.2.0/../../../../avr/lib/avr5/libm.a(gesf2.o)
 .text          0x0000000000000f3a        0x0 /usr/lib/gcc/avr/10.2.0/../../../../avr/lib/avr5/libm.a(mulsf3.o)
 .text          0x0000000000000f3a        0x0 /usr/lib/gcc/avr/10.2.0/../../../../avr/lib/avr5/libm.a(mulsf3x.o)
 .text          0x0000000000000f3a        0x0 /usr/lib/gcc/avr/10.2.0/avr5/libgcc.a(_exit.o)
 .text          0x0000000000000f3a        0x0 /usr/lib/gcc/avr/10.2.0/avr5/libgcc.a(_copy_data.o)
 .text          0x0000000000000f3a        0x0 /usr/lib/gcc/avr/10.2.0/avr5/libgcc.a(_clear_bss.o)
                0x0000000000000f3a                . = ALIGN (0x2)
 *(.text.*)
 .text.startup  0x0000000000000f3a       0x14 main.o
                0x0000000000000f3a                main
 .text.avr-libc.fplib
                0x0000000000000f4e        0xe /usr/lib/gcc/avr/10.2.0/../../../../avr/lib/avr5/libm.a(addsf3.o)
                0x0000000000000f4e                __subsf3
                0x0000000000000f50                __addsf3
 .text.avr-libc.fplib
                0x0000000000000f5c       0xcc /usr/lib/gcc/avr/10.2.0/../../../../avr/lib/avr5/libm.a(addsf3x.o)
                0x0000000000000f7e                __addsf3x
 .text.avr-libc.fplib
                0x0000000000001028        0xa /usr/lib/gcc/avr/10.2.0/../../../../avr/lib/avr5/libm.a(cmpsf2.o)
                0x0000000000001028                __lesf2
                0x0000000000001028                __nesf2
                0x0000000000001028                __eqsf2
                0x0000000000001028                __cmpsf2
                0x0000000000001028                __ltsf2
 .text.avr-libc.fplib
                0x0000000000001032        0x8 /usr/lib/gcc/avr/10.2.0/../../../../avr/lib/avr5/libm.a(divsf3.o)
                0x0000000000001032                __divsf3
 .text.avr-libc.fplib
                0x000000000000103a       0xdc /usr/lib/gcc/avr/10.2.0/../../../../avr/lib/avr5/libm.a(divsf3x.o)
                0x000000000000105a                __divsf3x
                0x0000000000001060                __divsf3_pse
 .text.avr-libc.fplib
                0x0000000000001116        0xe /usr/lib/gcc/avr/10.2.0/../../../../avr/lib/avr5/libm.a(fixsfsi.o)
                0x0000000000001116                __fixsfsi
 .text.avr-libc.fplib
                0x0000000000001124       0x5e /usr/lib/gcc/avr/10.2.0/../../../../avr/lib/avr5/libm.a(fixunssfsi.o)
                0x0000000000001124                __fixunssfsi
 .text.avr-libc.fplib
                0x0000000000001182       0x7a /usr/lib/gcc/avr/10.2.0/../../../../avr/lib/avr5/libm.a(floatsisf.o)
                0x0000000000001182                __floatunsisf
                0x0000000000001186                __floatsisf
 .text.avr-libc.fplib
                0x00000000000011fc       0x48 /usr/lib/gcc/avr/10.2.0/../../../../avr/lib/avr5/libm.a(fp_cmp.o)
                0x00000000000011fc                __fp_cmp
 .text.avr-libc.fplib
                0x0000000000001244        0xc /usr/lib/gcc/avr/10.2.0/../../../../avr/lib/avr5/libm.a(fp_inf.o)
                0x0000000000001244                __fp_inf
 .text.avr-libc.fplib
                0x0000000000001250        0x6 /usr/lib/gcc/avr/10.2.0/../../../../avr/lib/avr5/libm.a(fp_nan.o)
                0x0000000000001250                __fp_nan
 .text.avr-libc.fplib
                0x0000000000001256        0xe /usr/lib/gcc/avr/10.2.0/../../../../avr/lib/avr5/libm.a(fp_pscA.o)
                0x0000000000001256                __fp_pscA
 .text.avr-libc.fplib
                0x0000000000001264        0xe /usr/lib/gcc/avr/10.2.0/../../../../avr/lib/avr5/libm.a(fp_pscB.o)
                0x0000000000001264                __fp_pscB
 .text.avr-libc.fplib
                0x0000000000001272       0x22 /usr/lib/gcc/avr/10.2.0/../../../../avr/lib/avr5/libm.a(fp_round.o)
                0x0000000000001272                __fp_round
 .text.avr-libc.fplib
                0x0000000000001294       0x44 /usr/lib/gcc/avr/10.2.0/../../../../avr/lib/avr5/libm.a(fp_split3.o)
                0x0000000000001294                __fp_split3
                0x00000000000012a4                __fp_splitA
 .text.avr-libc.fplib
                0x00000000000012d8        0xe /usr/lib/gcc/avr/10.2.0/../../../../avr/lib/avr5/libm.a(fp_zero.o)
                0x00000000000012d8                __fp_zero
                0x00000000000012da                __fp_szero
 .text.avr-libc.fplib
                0x00000000000012e6        0xa /usr/lib/gcc/avr/10.2.0/../../../../avr/lib/avr5/libm.a(gesf2.o)
                0x00000000000012e6                __gtsf2
                0x00000000000012e6                __gesf2
 .text.avr-libc.fplib
                0x00000000000012f0        0x8 /usr/lib/gcc/avr/10.2.0/../../../../avr/lib/avr5/libm.a(mulsf3.o)
                0x00000000000012f0                __mulsf3
 .text.avr-libc.fplib
                0x00000000000012f8       0xd2 /usr/lib/gcc/avr/10.2.0/../../../../avr/lib/avr5/libm.a(mulsf3x.o)
                0x0000000000001316                __mulsf3x
                0x000000000000131c                __mulsf3_pse
 .text.libgcc.mul
                0x00000000000013ca        0x0 /usr/lib/gcc/avr/10.2.0/avr5/libgcc.a(_exit.o)
 .text.libgcc.div
                0x00000000000013ca        0x0 /usr/lib/gcc/avr/10.2.0/avr5/libgcc.a(_exit.o)
 .text.libgcc   0x00000000000013ca        0x0 /usr/lib/gcc/avr/10.2.0/avr5/libgcc.a(_exit.o)
 .text.libgcc.prologue
                0x00000000000013ca        0x0 /usr/lib/gcc/avr/10.2.0/avr5/libgcc.a(_exit.o)
 .text.libgcc.builtins
                0x00000000000013ca        0x0 /usr/lib/gcc/avr/10.2.0/avr5/libgcc.a(_exit.o)
 .text.libgcc.fmul
                0x00000000000013ca        0x0 /usr/lib/gcc/avr/10.2.0/avr5/libgcc.a(_exit.o)
 .text.libgcc.fixed
                0x00000000000013ca        0x0 /usr/lib/gcc/avr/10.2.0/avr5/libgcc.a(_exit.o)
 .text.libgcc.mul
                0x00000000000013ca        0x0 /usr/lib/gcc/avr/10.2.0/avr5/libgcc.a(_copy_data.o)
 .text.libgcc.div
                0x00000000000013ca        0x0 /usr/lib/gcc/avr/10.2.0/avr5/libgcc.a(_copy_data.o)
 .text.libgcc   0x00000000000013ca        0x0 /usr/lib/gcc/avr/10.2.0/avr5/libgcc.a(_copy_data.o)
 .text.libgcc.prologue
                0x00000000000013ca        0x0 /usr/lib/gcc/avr/10.2.0/avr5/libgcc.a(_copy_data.o)
 .text.libgcc.builtins
                0x00000000000013ca        0x0 /usr/lib/gcc/avr/10.2.0/avr5/libgcc.a(_copy_data.o)
 .text.libgcc.fmul
                0x00000000000013ca        0x0 /usr/lib/gcc/avr/10.2.0/avr5/libgcc.a(_copy_data.o)
 .text.libgcc.fixed
                0x00000000000013ca        0x0 /usr/lib/gcc/avr/10.2.0/avr5/libgcc.a(_copy_data.o)
 .text.libgcc.mul
                0x00000000000013ca        0x0 /usr/lib/gcc/avr/10.2.0/avr5/libgcc.a(_clear_bss.o)
 .text.libgcc.div
                0x00000000000013ca        0x0 /usr/lib/gcc/avr/10.2.0/avr5/libgcc.a(_clear_bss.o)
 .text.libgcc   0x00000000000013ca        0x0 /usr/lib/gcc/avr/10.2.0/avr5/libgcc.a(_clear_bss.o)
 .text.libgcc.prologue
                0x00000000000013ca        0x0 /usr/lib/gcc/avr/10.2.0/avr5/libgcc.a(_clear_bss.o)
 .text.libgcc.builtins
                0x00000000000013ca        0x0 /usr/lib/gcc/avr/10.2.0/avr5/libgcc.a(_clear_bss.o)
 .text.libgcc.fmul
                0x00000000000013ca        0x0 /usr/lib/gcc/avr/10.2.0/avr5/libgcc.a(_clear_bss.o)
 .text.libgcc.fixed
                0x00000000000013ca        0x0 /usr/lib/gcc/avr/10.2.0/avr5/libgcc.a(_clear_bss.o)
                0x00000000000013ca                . = ALIGN (0x2)
 *(.fini9)
 .fini9         0x00000000000013ca        0x0 /usr/lib/gcc/avr/10.2.0/avr5/libgcc.a(_exit.o)
                0x00000000000013ca                exit
                0x00000000000013ca                _exit
 *(.fini9)
 *(.fini8)
 *(.fini8)
 *(.fini7)
 *(.fini7)
 *(.fini6)
 *(.fini6)
 *(.fini5)
 *(.fini5)
 *(.fini4)
 *(.fini4)
 *(.fini3)
 *(.fini3)
 *(.fini2)
 *(.fini2)
 *(.fini1)
 *(.fini1)
 *(.fini0)
 .fini0         0x00000000000013ca        0x4 /usr/lib/gcc/avr/10.2.0/avr5/libgcc.a(_exit.o)
 *(.fini0)
 *(.hightext)
 *(.hightext*)
 *(.progmemx.*)
                0x00000000000013ce                . = ALIGN (0x2)
 *(.jumptables)
 *(.jumptables*)
                0x00000000000013ce                _etext = .

.data           0x0000000000800100      0x200 load address 0x00000000000013ce
                0x0000000000800100                PROVIDE (__data_start = .)
 *(.data)
 .data          0x0000000000800100        0x0 /usr/lib/gcc/avr/10.2.0/../../../../avr/lib/avr5/crtatmega328p.o
 .data          0x0000000000800100        0x0 main.o
 .data          0x0000000000800100        0x0 /usr/lib/gcc/avr/10.2.0/../../../../avr/lib/avr5/libm.a(addsf3.o)
 .data          0x0000000000800100        0x0 /usr/lib/gcc/avr/10.2.0/../../../../avr/lib/avr5/libm.a(addsf3x.o)
 .data          0x0000000000800100        0x0 /usr/lib/gcc/avr/10.2.0/../../../../avr/lib/avr5/libm.a(cmpsf2.o)
 .data          0x0000000000800100        0x0 /usr/lib/gcc/avr/10.2.0/../../../../avr/lib/avr5/libm.a(divsf3.o)
 .data          0x0000000000800100        0x0 /usr/lib/gcc/avr/10.2.0/../../../../avr/lib/avr5/libm.a(divsf3x.o)
 .data          0x0000000000800100        0x0 /usr/lib/gcc/avr/10.2.0/../../../../avr/lib/avr5/libm.a(fixsfsi.o)
 .data          0x0000000000800100        0x0 /usr/lib/gcc/avr/10.2.0/../../../../avr/lib/avr5/libm.a(fixunssfsi.o)
 .data          0x0000000000800100        0x0 /usr/lib/gcc/avr/10.2.0/../../../../avr/lib/avr5/libm.a(floatsisf.o)
 .data          0x0000000000800100        0x0 /usr/lib/gcc/avr/10.2.0/../../../../avr/lib/avr5/libm.a(fp_cmp.o)
 .data          0x0000000000800100        0x0 /usr/lib/gcc/avr/10.2.0/../../../../avr/lib/avr5/libm.a(fp_inf.o)
 .data          0x0000000000800100        0x0 /usr/lib/gcc/avr/10.2.0/../../../../avr/lib/avr5/libm.a(fp_nan.o)
 .data          0x0000000000800100        0x0 /usr/lib/gcc/avr/10.2.0/../../../../avr/lib/avr5/libm.a(fp_pscA.o)
 .data          0x0000000000800100        0x0 /usr/lib/gcc/avr/10.2.0/../../../../avr/lib/avr5/libm.a(fp_pscB.o)
 .data          0x0000000000800100        0x0 /usr/lib/gcc/avr/10.2.0/../../../../avr/lib/avr5/libm.a(fp_round.o)
 .data          0x0000000000800100        0x0 /usr/lib/gcc/avr/10.2.0/../../../../avr/lib/avr5/libm.a(fp_split3.o)
 .data          0x0000000000800100        0x0 /usr/lib/gcc/avr/10.2.0/../../../../avr/lib/avr5/libm.a(fp_zero.o)
 .data          0x0000000000800100        0x0 /usr/lib/gcc/avr/10.2.0/../../../../avr/lib/avr5/libm.a(gesf2.o)
 .data          0x0000000000800100        0x0 /usr/lib/gcc/avr/10.2.0/../../../../avr/lib/avr5/libm.a(mulsf3.o)
 .data          0x0000000000800100        0x0 /usr/lib/gcc/avr/10.2.0/../../../../avr/lib/avr5/libm.a(mulsf3x.o)
 .data          0x0000000000800100        0x0 /usr/lib/gcc/avr/10.2.0/avr5/libgcc.a(_exit.o)
 .data          0x0000000000800100        0x0 /usr/lib/gcc/avr/10.2.0/avr5/libgcc.a(_copy_data.o)
 .data          0x0000000000800100        0x0 /usr/lib/gcc/avr/10.2.0/avr5/libgcc.a(_clear_bss.o)
 *(.data*)
 *(.gnu.linkonce.d*)
 *(.rodata)
 .rodata        0x0000000000800100      0x200 main.o
 *(.rodata*)
 *(.gnu.linkonce.r*)
                0x0000000000800300                . = ALIGN (0x2)
                0x0000000000800300                _edata = .
                0x0000000000800300                PROVIDE (__data_end = .)

.bss            0x0000000000800300      0x133
                0x0000000000800300                PROVIDE (__bss_start = .)
 *(.bss)
 .bss           0x0000000000800300        0x0 /usr/lib/gcc/avr/10.2.0/../../../../avr/lib/avr5/crtatmega328p.o
 .bss           0x0000000000800300      0x133 main.o
                0x0000000000800300                black
 .bss           0x0000000000800433        0x0 /usr/lib/gcc/avr/10.2.0/../../../../avr/lib/avr5/libm.a(addsf3.o)
 .bss           0x0000000000800433        0x0 /usr/lib/gcc/avr/10.2.0/../../../../avr/lib/avr5/libm.a(addsf3x.o)
 .bss           0x0000000000800433        0x0 /usr/lib/gcc/avr/10.2.0/../../../../avr/lib/avr5/libm.a(cmpsf2.o)
 .bss           0x0000000000800433        0x0 /usr/lib/gcc/avr/10.2.0/../../../../avr/lib/avr5/libm.a(divsf3.o)
 .bss           0x0000000000800433        0x0 /usr/lib/gcc/avr/10.2.0/../../../../avr/lib/avr5/libm.a(divsf3x.o)
 .bss           0x0000000000800433        0x0 /usr/lib/gcc/avr/10.2.0/../../../../avr/lib/avr5/libm.a(fixsfsi.o)
 .bss           0x0000000000800433        0x0 /usr/lib/gcc/avr/10.2.0/../../../../avr/lib/avr5/libm.a(fixunssfsi.o)
 .bss           0x0000000000800433        0x0 /usr/lib/gcc/avr/10.2.0/../../../../avr/lib/avr5/libm.a(floatsisf.o)
 .bss           0x0000000000800433        0x0 /usr/lib/gcc/avr/10.2.0/../../../../avr/lib/avr5/libm.a(fp_cmp.o)
 .bss           0x0000000000800433        0x0 /usr/lib/gcc/avr/10.2.0/../../../../avr/lib/avr5/libm.a(fp_inf.o)
 .bss           0x0000000000800433        0x0 /usr/lib/gcc/avr/10.2.0/../../../../avr/lib/avr5/libm.a(fp_nan.o)
 .bss           0x0000000000800433        0x0 /usr/lib/gcc/avr/10.2.0/../../../../avr/lib/avr5/libm.a(fp_pscA.o)
 .bss           0x0000000000800433        0x0 /usr/lib/gcc/avr/10.2.0/../../../../avr/lib/avr5/libm.a(fp_pscB.o)
 .bss           0x0000000000800433        0x0 /usr/lib/gcc/avr/10.2.0/../../../../avr/lib/avr5/libm.a(fp_round.o)
 .bss           0x0000000000800433        0x0 /usr/lib/gcc/avr/10.2.0/../../../../avr/lib/avr5/libm.a(fp_split3.o)
 .bss           0x0000000000800433        0x0 /usr/lib/gcc/avr/10.2.0/../../../../avr/lib/avr5/libm.a(fp_zero.o)
 .bss           0x0000000000800433        0x0 /usr/lib/gcc/avr/10.2.0/../../../../avr/lib/avr5/libm.a(gesf2.o)
 .bss           0x0000000000800433        0x0 /usr/lib/gcc/avr/10.2.0/../../../../avr/lib/avr5/libm.a(mulsf3.o)
 .bss           0x0000000000800433        0x0 /usr/lib/gcc/avr/10.2.0/../../../../avr/lib/avr5/libm.a(mulsf3x.o)
 .bss           0x0000000000800433        0x0 /usr/lib/gcc/avr/10.2.0/avr5/libgcc.a(_exit.o)
 .bss           0x0000000000800433        0x0 /usr/lib/gcc/avr/10.2.0/avr5/libgcc.a(_copy_data.o)
 .bss           0x0000000000800433        0x0 /usr/lib/gcc/avr/10.2.0/avr5/libgcc.a(_clear_bss.o)
 *(.bss*)
 *(COMMON)
                0x0000000000800433                PROVIDE (__bss_end = .)
                0x00000000000013ce                __data_load_start = LOADADDR (.data)
                0x00000000000015ce                __data_load_end = (__data_load_start + SIZEOF (.data))

.noinit         0x0000000000800433        0x0
                [!provide]                        PROVIDE (__noinit_start = .)
 *(.noinit .noinit.* .gnu.linkonce.n.*)
                [!provide]                        PROVIDE (__noinit_end = .)
                0x0000000000800433                _end = .
                [!provide]                        PROVIDE (__heap_start = .)

.eeprom         0x0000000000810000        0x0
 *(.eeprom*)
                0x0000000000810000                __eeprom_end = .

.fuse
 *(.fuse)
 *(.lfuse)
 *(.hfuse)
 *(.efuse)

.lock
 *(.lock*)

.signature
 *(.signature*)

.stab
 *(.stab)

.stabstr
 *(.stabstr)

.stab.excl
 *(.stab.excl)

.stab.exclstr
 *(.stab.exclstr)

.stab.index
 *(.stab.index)

.stab.indexstr
 *(.stab.indexstr)

.comment        0x0000000000000000       0x12
 *(.comment)
 .comment       0x0000000000000000       0x12 main.o
                                         0x13 (size before relaxing)

.note.gnu.avr.deviceinfo
                0x0000000000000000       0x40
 .note.gnu.avr.deviceinfo
                0x0000000000000000       0x40 /usr/lib/gcc/avr/10.2.0/../../../../avr/lib/avr5/crtatmega328p.o

.note.gnu.build-id
 *(.note.gnu.build-id)

.debug
 *(.debug)

.line
 *(.line)

.debug_srcinfo
 *(.debug_srcinfo)

.debug_sfnames
 *(.debug_sfnames)

.debug_aranges  0x0000000000000000       0x28
 *(.debug_aranges)
 .debug_aranges
                0x0000000000000000       0x28 main.o

.debug_pubnames
 *(.debug_pubnames)

.debug_info     0x0000000000000000     0x150e
 *(.debug_info .gnu.linkonce.wi.*)
 .debug_info    0x0000000000000000      0x5f4 /usr/lib/gcc/avr/10.2.0/../../../../avr/lib/avr5/crtatmega328p.o
 .debug_info    0x00000000000005f4      0xf1a main.o

.debug_abbrev   0x0000000000000000      0x80a
 *(.debug_abbrev)
 .debug_abbrev  0x0000000000000000      0x5a2 /usr/lib/gcc/avr/10.2.0/../../../../avr/lib/avr5/crtatmega328p.o
 .debug_abbrev  0x00000000000005a2      0x268 main.o

.debug_line     0x0000000000000000      0xe25
 *(.debug_line .debug_line.* .debug_line_end)
 .debug_line    0x0000000000000000       0x1d /usr/lib/gcc/avr/10.2.0/../../../../avr/lib/avr5/crtatmega328p.o
 .debug_line    0x000000000000001d      0xe08 main.o

.debug_frame    0x0000000000000000      0x19c
 *(.debug_frame)
 .debug_frame   0x0000000000000000      0x19c main.o

.debug_str      0x0000000000000000      0x42b
 *(.debug_str)
 .debug_str     0x0000000000000000      0x208 /usr/lib/gcc/avr/10.2.0/../../../../avr/lib/avr5/crtatmega328p.o
 .debug_str     0x0000000000000208      0x223 main.o
                                        0x26a (size before relaxing)

.debug_loc      0x0000000000000000      0xfc3
 *(.debug_loc)
 .debug_loc     0x0000000000000000      0xfc3 main.o

.debug_macinfo
 *(.debug_macinfo)

.debug_weaknames
 *(.debug_weaknames)

.debug_funcnames
 *(.debug_funcnames)

.debug_typenames
 *(.debug_typenames)

.debug_varnames
 *(.debug_varnames)

.debug_pubtypes
 *(.debug_pubtypes)

.debug_ranges   0x0000000000000000       0x80
 *(.debug_ranges)
 .debug_ranges  0x0000000000000000       0x80 main.o

.debug_addr
 *(.debug_addr)

.debug_line_str
 *(.debug_line_str)

.debug_loclists
 *(.debug_loclists)

.debug_macro
 *(.debug_macro)

.debug_names
 *(.debug_names)

.debug_rnglists
 *(.debug_rnglists)

.debug_str_offsets
 *(.debug_str_offsets)

.debug_sup
 *(.debug_sup)
OUTPUT(main.elf elf32-avr)
LOAD linker stubs

Cross Reference Table

Symbol                                            File
__addsf3                                          /usr/lib/gcc/avr/10.2.0/../../../../avr/lib/avr5/libm.a(addsf3.o)
                                                  main.o
__addsf3x                                         /usr/lib/gcc/avr/10.2.0/../../../../avr/lib/avr5/libm.a(addsf3x.o)
                                                  /usr/lib/gcc/avr/10.2.0/../../../../avr/lib/avr5/libm.a(addsf3.o)
__bad_interrupt                                   /usr/lib/gcc/avr/10.2.0/../../../../avr/lib/avr5/crtatmega328p.o
__bss_end                                         /usr/lib/gcc/avr/10.2.0/avr5/libgcc.a(_clear_bss.o)
__bss_start                                       /usr/lib/gcc/avr/10.2.0/avr5/libgcc.a(_clear_bss.o)
__cmpsf2                                          /usr/lib/gcc/avr/10.2.0/../../../../avr/lib/avr5/libm.a(cmpsf2.o)
__data_end                                        /usr/lib/gcc/avr/10.2.0/avr5/libgcc.a(_copy_data.o)
__data_load_start                                 /usr/lib/gcc/avr/10.2.0/avr5/libgcc.a(_copy_data.o)
__data_start                                      /usr/lib/gcc/avr/10.2.0/avr5/libgcc.a(_copy_data.o)
__divsf3                                          /usr/lib/gcc/avr/10.2.0/../../../../avr/lib/avr5/libm.a(divsf3.o)
                                                  main.o
__divsf3_pse                                      /usr/lib/gcc/avr/10.2.0/../../../../avr/lib/avr5/libm.a(divsf3x.o)
__divsf3x                                         /usr/lib/gcc/avr/10.2.0/../../../../avr/lib/avr5/libm.a(divsf3x.o)
                                                  /usr/lib/gcc/avr/10.2.0/../../../../avr/lib/avr5/libm.a(divsf3.o)
__do_clear_bss                                    /usr/lib/gcc/avr/10.2.0/avr5/libgcc.a(_clear_bss.o)
                                                  main.o
__do_copy_data                                    /usr/lib/gcc/avr/10.2.0/avr5/libgcc.a(_copy_data.o)
                                                  main.o
__eqsf2                                           /usr/lib/gcc/avr/10.2.0/../../../../avr/lib/avr5/libm.a(cmpsf2.o)
__fixsfsi                                         /usr/lib/gcc/avr/10.2.0/../../../../avr/lib/avr5/libm.a(fixsfsi.o)
                                                  main.o
__fixunssfsi                                      /usr/lib/gcc/avr/10.2.0/../../../../avr/lib/avr5/libm.a(fixunssfsi.o)
                                                  /usr/lib/gcc/avr/10.2.0/../../../../avr/lib/avr5/libm.a(fixsfsi.o)
                                                  main.o
__floatsisf                                       /usr/lib/gcc/avr/10.2.0/../../../../avr/lib/avr5/libm.a(floatsisf.o)
                                                  main.o
__floatunsisf                                     /usr/lib/gcc/avr/10.2.0/../../../../avr/lib/avr5/libm.a(floatsisf.o)
                                                  main.o
__fp_cmp                                          /usr/lib/gcc/avr/10.2.0/../../../../avr/lib/avr5/libm.a(fp_cmp.o)
                                                  /usr/lib/gcc/avr/10.2.0/../../../../avr/lib/avr5/libm.a(gesf2.o)
                                                  /usr/lib/gcc/avr/10.2.0/../../../../avr/lib/avr5/libm.a(cmpsf2.o)
__fp_inf                                          /usr/lib/gcc/avr/10.2.0/../../../../avr/lib/avr5/libm.a(fp_inf.o)
                                                  /usr/lib/gcc/avr/10.2.0/../../../../avr/lib/avr5/libm.a(mulsf3x.o)
                                                  /usr/lib/gcc/avr/10.2.0/../../../../avr/lib/avr5/libm.a(divsf3x.o)
                                                  /usr/lib/gcc/avr/10.2.0/../../../../avr/lib/avr5/libm.a(addsf3x.o)
__fp_nan                                          /usr/lib/gcc/avr/10.2.0/../../../../avr/lib/avr5/libm.a(fp_nan.o)
                                                  /usr/lib/gcc/avr/10.2.0/../../../../avr/lib/avr5/libm.a(mulsf3x.o)
                                                  /usr/lib/gcc/avr/10.2.0/../../../../avr/lib/avr5/libm.a(divsf3x.o)
                                                  /usr/lib/gcc/avr/10.2.0/../../../../avr/lib/avr5/libm.a(addsf3x.o)
__fp_pscA                                         /usr/lib/gcc/avr/10.2.0/../../../../avr/lib/avr5/libm.a(fp_pscA.o)
                                                  /usr/lib/gcc/avr/10.2.0/../../../../avr/lib/avr5/libm.a(mulsf3x.o)
                                                  /usr/lib/gcc/avr/10.2.0/../../../../avr/lib/avr5/libm.a(divsf3x.o)
                                                  /usr/lib/gcc/avr/10.2.0/../../../../avr/lib/avr5/libm.a(addsf3x.o)
__fp_pscB                                         /usr/lib/gcc/avr/10.2.0/../../../../avr/lib/avr5/libm.a(fp_pscB.o)
                                                  /usr/lib/gcc/avr/10.2.0/../../../../avr/lib/avr5/libm.a(mulsf3x.o)
                                                  /usr/lib/gcc/avr/10.2.0/../../../../avr/lib/avr5/libm.a(divsf3x.o)
                                                  /usr/lib/gcc/avr/10.2.0/../../../../avr/lib/avr5/libm.a(addsf3x.o)
__fp_round                                        /usr/lib/gcc/avr/10.2.0/../../../../avr/lib/avr5/libm.a(fp_round.o)
                                                  /usr/lib/gcc/avr/10.2.0/../../../../avr/lib/avr5/libm.a(mulsf3.o)
                                                  /usr/lib/gcc/avr/10.2.0/../../../../avr/lib/avr5/libm.a(divsf3.o)
                                                  /usr/lib/gcc/avr/10.2.0/../../../../avr/lib/avr5/libm.a(addsf3.o)
__fp_split3                                       /usr/lib/gcc/avr/10.2.0/../../../../avr/lib/avr5/libm.a(fp_split3.o)
                                                  /usr/lib/gcc/avr/10.2.0/../../../../avr/lib/avr5/libm.a(mulsf3x.o)
                                                  /usr/lib/gcc/avr/10.2.0/../../../../avr/lib/avr5/libm.a(divsf3x.o)
                                                  /usr/lib/gcc/avr/10.2.0/../../../../avr/lib/avr5/libm.a(addsf3x.o)
__fp_splitA                                       /usr/lib/gcc/avr/10.2.0/../../../../avr/lib/avr5/libm.a(fp_split3.o)
                                                  /usr/lib/gcc/avr/10.2.0/../../../../avr/lib/avr5/libm.a(fixunssfsi.o)
__fp_szero                                        /usr/lib/gcc/avr/10.2.0/../../../../avr/lib/avr5/libm.a(fp_zero.o)
                                                  /usr/lib/gcc/avr/10.2.0/../../../../avr/lib/avr5/libm.a(mulsf3x.o)
                                                  /usr/lib/gcc/avr/10.2.0/../../../../avr/lib/avr5/libm.a(fixsfsi.o)
                                                  /usr/lib/gcc/avr/10.2.0/../../../../avr/lib/avr5/libm.a(divsf3x.o)
__fp_zero                                         /usr/lib/gcc/avr/10.2.0/../../../../avr/lib/avr5/libm.a(fp_zero.o)
                                                  /usr/lib/gcc/avr/10.2.0/../../../../avr/lib/avr5/libm.a(fixunssfsi.o)
                                                  /usr/lib/gcc/avr/10.2.0/../../../../avr/lib/avr5/libm.a(addsf3x.o)
__gesf2                                           /usr/lib/gcc/avr/10.2.0/../../../../avr/lib/avr5/libm.a(gesf2.o)
__gtsf2                                           /usr/lib/gcc/avr/10.2.0/../../../../avr/lib/avr5/libm.a(gesf2.o)
                                                  main.o
__heap_end                                        /usr/lib/gcc/avr/10.2.0/../../../../avr/lib/avr5/crtatmega328p.o
__init                                            /usr/lib/gcc/avr/10.2.0/../../../../avr/lib/avr5/crtatmega328p.o
__lesf2                                           /usr/lib/gcc/avr/10.2.0/../../../../avr/lib/avr5/libm.a(cmpsf2.o)
__ltsf2                                           /usr/lib/gcc/avr/10.2.0/../../../../avr/lib/avr5/libm.a(cmpsf2.o)
                                                  main.o
__mulsf3                                          /usr/lib/gcc/avr/10.2.0/../../../../avr/lib/avr5/libm.a(mulsf3.o)
                                                  main.o
__mulsf3_pse                                      /usr/lib/gcc/avr/10.2.0/../../../../avr/lib/avr5/libm.a(mulsf3x.o)
__mulsf3x                                         /usr/lib/gcc/avr/10.2.0/../../../../avr/lib/avr5/libm.a(mulsf3x.o)
                                                  /usr/lib/gcc/avr/10.2.0/../../../../avr/lib/avr5/libm.a(mulsf3.o)
__nesf2                                           /usr/lib/gcc/avr/10.2.0/../../../../avr/lib/avr5/libm.a(cmpsf2.o)
__stack                                           /usr/lib/gcc/avr/10.2.0/../../../../avr/lib/avr5/crtatmega328p.o
__subsf3                                          /usr/lib/gcc/avr/10.2.0/../../../../avr/lib/avr5/libm.a(addsf3.o)
                                                  main.o
__vector_1                                        /usr/lib/gcc/avr/10.2.0/../../../../avr/lib/avr5/crtatmega328p.o
__vector_10                                       /usr/lib/gcc/avr/10.2.0/../../../../avr/lib/avr5/crtatmega328p.o
__vector_11                                       /usr/lib/gcc/avr/10.2.0/../../../../avr/lib/avr5/crtatmega328p.o
__vector_12                                       /usr/lib/gcc/avr/10.2.0/../../../../avr/lib/avr5/crtatmega328p.o
__vector_13                                       /usr/lib/gcc/avr/10.2.0/../../../../avr/lib/avr5/crtatmega328p.o
__vector_14                                       main.o
                                                  /usr/lib/gcc/avr/10.2.0/../../../../avr/lib/avr5/crtatmega328p.o
__vector_15                                       /usr/lib/gcc/avr/10.2.0/../../../../avr/lib/avr5/crtatmega328p.o
__vector_16                                       /usr/lib/gcc/avr/10.2.0/../../../../avr/lib/avr5/crtatmega328p.o
__vector_17                                       /usr/lib/gcc/avr/10.2.0/../../../../avr/lib/avr5/crtatmega328p.o
__vector_18                                       /usr/lib/gcc/avr/10.2.0/../../../../avr/lib/avr5/crtatmega328p.o
__vector_19                                       /usr/lib/gcc/avr/10.2.0/../../../../avr/lib/avr5/crtatmega328p.o
__vector_2                                        /usr/lib/gcc/avr/10.2.0/../../../../avr/lib/avr5/crtatmega328p.o
__vector_20                                       /usr/lib/gcc/avr/10.2.0/../../../../avr/lib/avr5/crtatmega328p.o
__vector_21                                       /usr/lib/gcc/avr/10.2.0/../../../../avr/lib/avr5/crtatmega328p.o
__vector_22                                       /usr/lib/gcc/avr/10.2.0/../../../../avr/lib/avr5/crtatmega328p.o
__vector_23                                       /usr/lib/gcc/avr/10.2.0/../../../../avr/lib/avr5/crtatmega328p.o
__vector_24                                       /usr/lib/gcc/avr/10.2.0/../../../../avr/lib/avr5/crtatmega328p.o
__vector_25                                       /usr/lib/gcc/avr/10.2.0/../../../../avr/lib/avr5/crtatmega328p.o
__vector_3                                        /usr/lib/gcc/avr/10.2.0/../../../../avr/lib/avr5/crtatmega328p.o
__vector_4                                        /usr/lib/gcc/avr/10.2.0/../../../../avr/lib/avr5/crtatmega328p.o
__vector_5                                        /usr/lib/gcc/avr/10.2.0/../../../../avr/lib/avr5/crtatmega328p.o
__vector_6                                        /usr/lib/gcc/avr/10.2.0/../../../../avr/lib/avr5/crtatmega328p.o
__vector_7                                        /usr/lib/gcc/avr/10.2.0/../../../../avr/lib/avr5/crtatmega328p.o
__vector_8                                        /usr/lib/gcc/avr/10.2.0/../../../../avr/lib/avr5/crtatmega328p.o
__vector_9                                        /usr/lib/gcc/avr/10.2.0/../../../../avr/lib/avr5/crtatmega328p.o
__vector_default                                  /usr/lib/gcc/avr/10.2.0/../../../../avr/lib/avr5/crtatmega328p.o
__vectors                                         /usr/lib/gcc/avr/10.2.0/../../../../avr/lib/avr5/crtatmega328p.o
_exit                                             /usr/lib/gcc/avr/10.2.0/avr5/libgcc.a(_exit.o)
black                                             main.o
exit                                              /usr/lib/gcc/avr/10.2.0/avr5/libgcc.a(_exit.o)
                                                  /usr/lib/gcc/avr/10.2.0/../../../../avr/lib/avr5/crtatmega328p.o
main                                              main.o
                                                  /usr/lib/gcc/avr/10.2.0/../../../../avr/lib/avr5/crtatmega328p.o
